// Jest Snapshot v1, https://goo.gl/fbAQLP

exports[`will render the ContactPage 1`] = `
<footer>
  Â© 2018
</footer>
`;
